 mecatui  ·  session #b9ba2286  ·  mock-model  ·  mode default  ·  127.0.0.1:8080
────────────────────────────────────────────────────────────────────────────────────────────────────





         ┏━━━━━━━━━━━━━━━━━━━━━━━━━━━━━━━━━━━━━━━━━━━━━━━━━━━━━━━━━━━━━━━━━━━━━━━━━━━━━━━┓
         ┃                                                                               ┃
         ┃  Agent definitions                                                            ┃
         ┃                                                                               ┃
         ┃  agent definitions are not enabled on this server.                            ┃
         ┃  Add .claude/agents/*.md (or pass --agents-dir) and reconnect.                ┃
         ┃                                                                               ┃
         ┃  agent definitions route Subagent delegations · pgup/pgdn scroll · esc close  ┃
         ┃                                                                               ┃
         ┗━━━━━━━━━━━━━━━━━━━━━━━━━━━━━━━━━━━━━━━━━━━━━━━━━━━━━━━━━━━━━━━━━━━━━━━━━━━━━━━┛






│
│ Ask mecatl to do something…  (enter to send · shift+enter for newline · ? for help)
│
│
────────────────────────────────────────────────────────────────────────────────────────────────────
 connected                                                                   ctx 0 · ↑0 ↓0 cache 0%
? help · / commands · ctrl+c quit