 mecatui  ·  session sess-test-00  ·  mode default
────────────────────────────────────────────────────────────────────────────────────────────────────


┏━━━━━━━━━━━━━━━━━━━━━━━━━━━━━━━━━━━━━━━━━━━━━━━━━━━━━━━━━━━━━━━━━━━━━━━━━━━━━━━━━━━━━━━━━━━━━━━━━━┓
┃                                                                                                  ┃
┃  Permission required                                                                             ┃
┃                                                                                                  ┃
┃  Shell                                                                                           ┃
┃  │ find . -name '*.go' -not -path './vendor/*' -print0 | xargs -0 grep -nH 'func Test' | awk  ↩  ┃
┃                                                                                                  ┃
┃  … pgup/pgdn scroll · ctrl+t full args                                                           ┃
┃  Shell requires approval                                                                         ┃
┃                                                                                                  ┃
┃  ╭───────────╮  ╭────────────╮  ╭──────────╮                                                     ┃
┃  │  [A]llow  │  │  Al[w]ays  │  │  [D]eny  │                                                     ┃
┃  ╰───────────╯  ╰────────────╯  ╰──────────╯                                                     ┃
┃  al[w]ays allows this exact command for the rest of this session                                 ┃
┃                                                                                                  ┃
┗━━━━━━━━━━━━━━━━━━━━━━━━━━━━━━━━━━━━━━━━━━━━━━━━━━━━━━━━━━━━━━━━━━━━━━━━━━━━━━━━━━━━━━━━━━━━━━━━━━┛



│
│ Ask mecatl to do something…  (enter to send · shift+enter for newline · ? for help)
│
│
────────────────────────────────────────────────────────────────────────────────────────────────────
 ⚠ awaiting approval                                                         ctx 0 · ↑0 ↓0 cache 0%
? help · / commands · ctrl+c quit