 mecatui  ·  session sess-test-00  ·  mode default
────────────────────────────────────────────────────────────────────────────────────────────────────
Ask args: Shell

{"command":"find . -name '*.go' -not -path './vendor/*' -print0 | xargs -0 grep -nH 'func Test' ↩
| awk -F: '{print $1}' | sort | uniq -c | sort -rn | head -40 | while read -r count file; do ↩
printf '%5d  %s\\n' \"$count\" \"$file\"; done | tee /tmp/test-counts.txt | column -t -s' ↩
'","timeout_ms":60000}

Shell requires approval






╭───────────╮  ╭────────────╮  ╭──────────╮
│  [A]llow  │  │  Al[w]ays  │  │  [D]eny  │
╰───────────╯  ╰────────────╯  ╰──────────╯
al[w]ays allows this exact command for the rest of this session
scroll: ↑/↓ · pgup/pgdn · home/end · mouse wheel · r raw|pretty · esc back

│
│ Ask mecatl to do something…  (enter to send · shift+enter for newline · ? for help)
│
│
────────────────────────────────────────────────────────────────────────────────────────────────────
 ⚠ awaiting approval                                                         ctx 0 · ↑0 ↓0 cache 0%
? help · / commands · ctrl+c quit