 toolhive gateway available (5 models, no API key needed) — /models to use it, or --default-provid…
────────────────────────────────────────────────────────────────────────────────────────────────────
 ctx 0 · ↑0 ↓0 cache 0%
? help · / commands · ctrl+g select all · ctrl+y copy · ctrl+u clear · ctrl+c quit