no subagents:
connected                                                                                                                               ctx 0 · ↑0 ↓0 cache 0%

3 running:
connected                                                                                                       ⛭ subagents 3◐ 0✓ · f6  ctx 0 · ↑0 ↓0 cache 0%

mixed 2 running + 1 done:
connected                                                                                                       ⛭ subagents 2◐ 1✓ · f6  ctx 0 · ↑0 ↓0 cache 0%