 mecatui  ·  session sess-test-00  ·  mock-model  ·  mode default  ·  127.0.0.1:8080
────────────────────────────────────────────────────────────────────────────────────────────────────


  ┏━━━━━━━━━━━━━━━━━━━━━━━━━━━━━━━━━━━━━━━━━━━━━━━━━━━━━━━━━━━━━━━━━━━━━━━━━━━━━━━━━━━━━━━━━━━━━━┓
  ┃                                                                                              ┃
  ┃  MCP inventory                                                                               ┃
  ┃                                                                                              ┃
  ┃  toolhive  [toolhive]  enabled  group=dev                                                    ┃
  ┃    • fetch  streamable-http  http://127.0.0.1:9001                                           ┃
  ┃    • github  streamable-http  http://127.0.0.1:9002                                          ┃
  ┃    ! skipped sse server 'legacy' (unsupported transport)                                     ┃
  ┃  static  [static]  disabled                                                                  ┃
  ┃                                                                                              ┃
  ┃  ToolHive groups: dev, prod                                                                  ┃
  ┃                                                                                              ┃
  ┃  snapshot from mecated startup — servers started later won't appear · r refresh · esc close  ┃
  ┃                                                                                              ┃
  ┗━━━━━━━━━━━━━━━━━━━━━━━━━━━━━━━━━━━━━━━━━━━━━━━━━━━━━━━━━━━━━━━━━━━━━━━━━━━━━━━━━━━━━━━━━━━━━━┛




│
│ Ask mecatl to do something…  (enter to send · shift+enter for newline · ? for help)
│
│
────────────────────────────────────────────────────────────────────────────────────────────────────
 connected                                                                   ctx 0 · ↑0 ↓0 cache 0%
? help · / commands · ctrl+c quit