 mecatui  ·  session sess-test-00  ·  mock-model  ·  mode default  ·  127.0.0.1:8080
────────────────────────────────────────────────────────────────────────────────────────────────────





                           ┏━━━━━━━━━━━━━━━━━━━━━━━━━━━━━━━━━━━━━━━━━━━━┓
                           ┃                                            ┃
                           ┃  arguments for code-review                 ┃
                           ┃                                            ┃
                           ┃  › path                                    ┃
                           ┃    > p                                     ┃
                           ┃                                            ┃
                           ┃  ↑/↓ field · enter next/submit · esc back  ┃
                           ┃                                            ┃
                           ┗━━━━━━━━━━━━━━━━━━━━━━━━━━━━━━━━━━━━━━━━━━━━┛






│
│  ┃   1 Ask mecatl to do something…  (enter to send · shift+enter for newline · ? for help)
│  ┃
│  ┃
────────────────────────────────────────────────────────────────────────────────────────────────────
 connected                                                                   ctx 0 · ↑0 ↓0 cache 0%
? help · / commands · ctrl+c quit