 session sess-test-00
────────────────────────────────────────────────────────────────────────────────────────────────────





                           ┏━━━━━━━━━━━━━━━━━━━━━━━━━━━━━━━━━━━━━━━━━━━━┓
                           ┃                                            ┃
                           ┃  arguments for code-review                 ┃
                           ┃                                            ┃
                           ┃  › path                                    ┃
                           ┃    > p                                     ┃
                           ┃                                            ┃
                           ┃  ↑/↓ field · enter next/submit · esc back  ┃
                           ┃                                            ┃
                           ┗━━━━━━━━━━━━━━━━━━━━━━━━━━━━━━━━━━━━━━━━━━━━┛






│
│ Ask mecatl to do something…  (enter to send · shift+enter for newline · ? for help)
│
│
────────────────────────────────────────────────────────────────────────────────────────────────────
 connected
? help · / commands · ctrl+c quit