 mecatui · Golden session · fixture/fixture-model/default · mode default
────────────────────────────────────────────────────────────────────────────────────────────────────




                              ┏━━━━━━━━━━━━━━━━━━━━━━━━━━━━━━━━━━━━━┓
                              ┃                                     ┃
                              ┃  MCP resources                      ┃
                              ┃                                     ┃
                              ┃  ╭───────────────────╮              ┃
                              ┃  │  › page-a  fetch  │              ┃
                              ┃  ╰───────────────────╯              ┃
                              ┃    page-b  fetch                    ┃
                              ┃                                     ┃
                              ┃  ↑/↓ move · enter read · esc close  ┃
                              ┃                                     ┃
                              ┗━━━━━━━━━━━━━━━━━━━━━━━━━━━━━━━━━━━━━┛





│
│ Ask mecatl to do something…  (enter to send · shift+enter for newline · ? for help)
│
│
────────────────────────────────────────────────────────────────────────────────────────────────────
 connected                                                ctx ▒▒▒▒░░░░ 50% · 2K/4K · ↑0 ↓0 cache 0%
? help · / commands · ctrl+c quit