 mecatui  ·  session sess-test-00  ·  mock-model  ·  mode default  ·  127.0.0.1:8080
────────────────────────────────────────────────────────────────────────────────────────────────────





                             ┏━━━━━━━━━━━━━━━━━━━━━━━━━━━━━━━━━━━━━━━┓
                             ┃                                       ┃
                             ┃  resource preview                     ┃
                             ┃                                       ┃
                             ┃  the resource body                    ┃
                             ┃  second line                          ┃
                             ┃                                       ┃
                             ┃  enter insert into prompt · esc back  ┃
                             ┃                                       ┃
                             ┗━━━━━━━━━━━━━━━━━━━━━━━━━━━━━━━━━━━━━━━┛






│
│  ┃   1 Ask mecatl to do something…  (enter to send · shift+enter for newline · ? for help)
│  ┃
│  ┃
────────────────────────────────────────────────────────────────────────────────────────────────────
 connected                                                                   ctx 0 · ↑0 ↓0 cache 0%
? help · / commands · ctrl+c quit