 session sess-test-00
────────────────────────────────────────────────────────────────────────────────────────────────────





 ┏━━━━━━━━━━━━━━━━━━━━━━━━━━━━━━━━━━━━━━━━━━━━━━━━━━━━━━━━━━━━━━━━━━━━━━━━━━━━━━━━━━━━━━━━━━━━━━━┓
 ┃                                                                                               ┃
 ┃  MCP resources                                                                                ┃
 ┃  ✗ fix input: list resources: rpc error: code = InvalidArgument desc = unknown server "nope"  ┃
 ┃                                                                                               ┃
 ┃                                                                                               ┃
 ┃  ↑/↓ move · enter read · esc close                                                            ┃
 ┃                                                                                               ┃
 ┗━━━━━━━━━━━━━━━━━━━━━━━━━━━━━━━━━━━━━━━━━━━━━━━━━━━━━━━━━━━━━━━━━━━━━━━━━━━━━━━━━━━━━━━━━━━━━━━┛







│
│ Ask mecatl to do something…  (enter to send · shift+enter for newline · ? for help)
│
│
────────────────────────────────────────────────────────────────────────────────────────────────────
 connected
? help · / commands · ctrl+c quit