 session sess-test-00
────────────────────────────────────────────────────────────────────────────────────────────────────




                             ┏━━━━━━━━━━━━━━━━━━━━━━━━━━━━━━━━━━━━━━━┓
                             ┃                                       ┃
                             ┃  MCP prompts                          ┃
                             ┃                                       ┃
                             ┃  ╭─────────────────────────────────╮  ┃
                             ┃  │  › code-review  review  (args)  │  ┃
                             ┃  ╰─────────────────────────────────╯  ┃
                             ┃    summarize  review                  ┃
                             ┃                                       ┃
                             ┃  ↑/↓ move · enter select · esc close  ┃
                             ┃                                       ┃
                             ┗━━━━━━━━━━━━━━━━━━━━━━━━━━━━━━━━━━━━━━━┛





│
│ Ask mecatl to do something…  (enter to send · shift+enter for newline · ? for help)
│
│
────────────────────────────────────────────────────────────────────────────────────────────────────
 connected
? help · / commands · ctrl+c quit