 session sess-test-00
────────────────────────────────────────────────────────────────────────────────────────────────────





                             ┏━━━━━━━━━━━━━━━━━━━━━━━━━━━━━━━━━━━━━━━┓
                             ┃                                       ┃
                             ┃  resource preview                     ┃
                             ┃                                       ┃
                             ┃  the resource body                    ┃
                             ┃  second line                          ┃
                             ┃                                       ┃
                             ┃  enter insert into prompt · esc back  ┃
                             ┃                                       ┃
                             ┗━━━━━━━━━━━━━━━━━━━━━━━━━━━━━━━━━━━━━━━┛






│
│ Ask mecatl to do something…  (enter to send · shift+enter for newline · ? for help)
│
│
────────────────────────────────────────────────────────────────────────────────────────────────────
 connected
? help · / commands · ctrl+c quit