 mecatui  ·  session #b9ba2286  ·  gpt-5  ·  mode default  ·  127.0.0.1:8080
────────────────────────────────────────────────────────────────────────────────────────────────────


┏━━━━━━━━━━━━━━━━━━━━━━━━━━━━━━━━━━━━━━━━━━━━━━━━━━━━━━━━━━━━━━━━━━━━━━━━━━━━━━━━━━━━━━━━━━━━━━━━━━━━━┓
┃                                                                                                     ┃
┃  Models                                                                                             ┃
┃  current: gpt-5 (server default)                                                                    ┃
┃  > filter models…                                                                                   ┃
┃                                                                                                     ┃
┃  Switching models is expensive as it clears caches.                                                 ┃
┃                                                                                                     ┃
┃  your gateway credential lists no models — ask your platform admin or re-run `mecatui llm login`    ┃
┃                                                                                                     ┃
┃  type to filter · ↑/↓/pgup move · enter use · ctrl+g set global default · esc clear filter / close  ┃
┃  ● current  ★ global default                                                                        ┃
┃  reason = emits reasoning · set its effort tier with /effort                                        ┃
┃                                                                                                     ┃
┗━━━━━━━━━━━━━━━━━━━━━━━━━━━━━━━━━━━━━━━━━━━━━━━━━━━━━━━━━━━━━━━━━━━━━━━━━━━━━━━━━━━━━━━━━━━━━━━━━━━━━┛




│
│ Ask mecatl to do something…  (enter to send · shift+enter for newline · ? for help)
│
│
────────────────────────────────────────────────────────────────────────────────────────────────────
 connected                                                                   ctx 0 · ↑0 ↓0 cache 0%
? help · / commands · ctrl+c quit