 mecatui  ·  session sess-test-00  ·  gpt-5  ·  mode default  ·  127.0.0.1:8080
────────────────────────────────────────────────────────────────────────────────────────────────────
                                               ┏━━━━┓
                                               ┃    ┃
                                               ┃    ┃
                                               ┃    ┃
                                               ┗━━━━┛

│
│ Ask mecatl to do something…  (enter to send · shift+enter for newline · ? for help)
│
│
────────────────────────────────────────────────────────────────────────────────────────────────────
 connected                                                                   ctx 0 · ↑0 ↓0 cache 0%
? help · / commands · ctrl+c quit