 session sess-test-00
────────────────────────────────────────────────────────────────────────────────────────────────────


┏━━━━━━━━━━━━━━━━━━━━━━━━━━━━━━━━━━━━━━━━━━━━━━━━━━━━━━━━━━━━━━━━━━━━━━━━━━━━━━━━━━━━━━━━━━━━━━━━━━━━━┓
┃                                                                                                     ┃
┃  Models  (1)                                                                                        ┃
┃  current: gpt-5 (server default)                                                                    ┃
┃  > filter models…                                                                                   ┃
┃                                                                                                     ┃
┃  Switching models is expensive as it clears caches.                                                 ┃
┃                                                                                                     ┃
┃  ▶   openai-codex · GPT-5                                                                           ┃
┃                                                                                                     ┃
┃  type to filter · ↑/↓/pgup move · enter use · ctrl+g set global default · esc clear filter / close  ┃
┃  ● current  ★ global default                                                                        ┃
┃  reason = emits reasoning · set its effort tier with /effort                                        ┃
┃                                                                                                     ┃
┗━━━━━━━━━━━━━━━━━━━━━━━━━━━━━━━━━━━━━━━━━━━━━━━━━━━━━━━━━━━━━━━━━━━━━━━━━━━━━━━━━━━━━━━━━━━━━━━━━━━━━┛




│
│ Ask mecatl to do something…  (enter to send · shift+enter for newline · ? for help)
│
│
────────────────────────────────────────────────────────────────────────────────────────────────────
 connected
? help · / commands · ctrl+c quit