 mecatui · Golden session · fixture/fixture-model/default · mode default
────────────────────────────────────────────────────────────────────────────────────────────────────




  ┏━━━━━━━━━━━━━━━━━━━━━━━━━━━━━━━━━━━━━━━━━━━━━━━━━━━━━━━━━━━━━━━━━━━━━━━━━━━━━━━━━━━━━━━━━━━━━━┓
  ┃                                                                                              ┃
  ┃    Subagents  ▸ Parallel    Teams                                                            ┃
  ┃                                                                                              ┃
  ┃  parallel · 0 running · 1 done                                                               ┃
  ┃                                                                                              ┃
  ┃  ▶ ✓ judge · 3/3 branches · winner branch-2                                                  ┃
  ┃                                                                                              ┃
  ┃  esc close · ↑/↓ select · enter focus · tab switch · pgup/pgdn page · ...                    ┃
  ┃                                                                                              ┃
  ┗━━━━━━━━━━━━━━━━━━━━━━━━━━━━━━━━━━━━━━━━━━━━━━━━━━━━━━━━━━━━━━━━━━━━━━━━━━━━━━━━━━━━━━━━━━━━━━┛






│
│ Ask mecatl to do something…  (enter to send · shift+enter for newline · ? for help)
│
│
────────────────────────────────────────────────────────────────────────────────────────────────────
 connected                              ⑂ parallel 0◐ 3✓  ctx ▒▒▒▒░░░░ 50% · 2K/4K · ↑0 ↓0 cache 0%
? help · / commands · ctrl+c quit