 mecatui  ·  session #b9ba2286  ·  mock-model  ·  mode default  ·  127.0.0.1:8080
────────────────────────────────────────────────────────────────────────────────────────────────────



 ┏━━━━━━━━━━━━━━━━━━━━━━━━━━━━━━━━━━━━━━━━━━━━━━━━━━━━━━━━━━━━━━━━━━━━━━━━━━━━━━━━━━━━━━━━━━━━━━━━┓
 ┃                                                                                                ┃
 ┃    Subagents  ▸ Parallel    Teams                                                              ┃
 ┃                                                                                                ┃
 ┃  parallel · 0 running · 1 done                                                                 ┃
 ┃                                                                                                ┃
 ┃  ╭──────────────────────────────────────────────╮                                              ┃
 ┃  │  › ✓ judge · 3/3 branches · winner branch-2  │                                              ┃
 ┃  ╰──────────────────────────────────────────────╯                                              ┃
 ┃                                                                                                ┃
 ┃  ↑/↓ select · pgup/pgdn page · home/g·end/G first/last · enter focus · tab switch · esc close  ┃
 ┃                                                                                                ┃
 ┗━━━━━━━━━━━━━━━━━━━━━━━━━━━━━━━━━━━━━━━━━━━━━━━━━━━━━━━━━━━━━━━━━━━━━━━━━━━━━━━━━━━━━━━━━━━━━━━━┛





│
│ Ask mecatl to do something…  (enter to send · shift+enter for newline · ? for help)
│
│
────────────────────────────────────────────────────────────────────────────────────────────────────
 connected                                        ⑂ parallel 0◐ 1✓ · ctrl+a  ctx 0 · ↑0 ↓0 cache 0%
? help · / commands · ctrl+c quit