 mecatui  ·  session #b9ba2286  ·  mock-model  ·  mode default
────────────────────────────────────────────────────────────────────────────────────────────────────
▸ Chats    Scheduled runs    Child runs    Other

▶ ✓ 5m ago 12t Fix the flaky CI  #60d09667  (gpt-5)

enter: continue  y: copy ID  v: view  f: fork  r: rename  d: delete  tab: switch  esc: close

│
│ Ask mecatl to do something…  (enter to send · shift+enter for newline · ? for help)
│
│
────────────────────────────────────────────────────────────────────────────────────────────────────
 connected                                                                   ctx 0 · ↑0 ↓0 cache 0%
? help · / commands · ctrl+c quit