 mecatui  ·  session connecting…  ·  mode default
────────────────────────────────────────────────────────────────────────────────────────────────────
  Chats    Scheduled runs    Child runs    Other  ▸ Maintenance

Preview session cleanup — DESTRUCTIVE

Will delete: 9  Chats: 5  Child runs: 2  Scheduled runs: 2
Protected: 7  Unknown: 3  Live: 2  Awaiting approval: 1
Estimated space freed: 6.3 MB
Unknown, active, live, and awaiting sessions are protected and will not be deleted.

Type CLEAN UP to permanently delete the sessions shown above. This cannot be undone:
> type CLEAN UP

enter: delete these sessions  esc: back

│
│ Ask mecatl to do something…
│ (enter to send · shift+enter for
│ newline · ? for help)
│
│
│
────────────────────────────────────────────────────────────────────────────────────────────────────
 ⣾  connecting…                                                              ctx 0 · ↑0 ↓0 cache 0%
? help · / commands · ctrl+c quit