 mecatui  ·  session sess-test-00  ·  mock-model  ·  mode default
────────────────────────────────────────────────────────────────────────────────────────────────────
▸ Chats    Scheduled runs    Child runs    Other

no chats found
tab: switch  esc: close



























│
│ Ask mecatl to do something…  (enter to send · shift+enter for newline · ? for help)
│
│
────────────────────────────────────────────────────────────────────────────────────────────────────
 connected                                                                   ctx 0 · ↑0 ↓0 cache 0%
? help · / commands · ctrl+c quit