 session sess-test-00
────────────────────────────────────────────────────────────────────────────────────────────────────
▸ Chats    Scheduled runs    Child runs    Other

no chats found
tab: switch  esc: close



























│
│ Ask mecatl to do something…  (enter to send · shift+enter for newline · ? for help)
│
│
────────────────────────────────────────────────────────────────────────────────────────────────────
 connected
? help · / commands · ctrl+c quit