 mecatui  ·  session connecting…  ·  mode default
────────────────────────────────────────────────────────────────────────────────────────────────────
  Chats    Scheduled runs    Child runs    Other  ▸ Maintenance

Preview storage optimization

Sessions are preserved; this only updates how they are stored.
Legacy format: 12  Current format: 40  Invalid: 2  Skipped: 3
Stored: 12.6 MB  Recoverable: 8.4 MB
Temporary space needed: 2.1 MB

enter: start optimization  esc: back

│
│ Ask mecatl to do something…
│ (enter to send · shift+enter for
│ newline · ? for help)
│
│
│
────────────────────────────────────────────────────────────────────────────────────────────────────
 ⣾  connecting…                                                              ctx 0 · ↑0 ↓0 cache 0%
? help · / commands · ctrl+c quit