 mecatui  ·  session connecting…  ·  mode default
────────────────────────────────────────────────────────────────────────────────────────────────────
  Chats    Scheduled runs    Child runs    Other  ▸ Maintenance

Optimize storage

Job: job-optimize  Status: paused
Processed: 7/12  Updated: 5  Skipped: 1  Failed: 1
Sessions are preserved; completed updates are kept.
Item failures:
- item-a4 [changed] session changed during optimization

r: resume  s: refresh status  c: cancel  esc: back

│
│ Ask mecatl to do something…
│ (enter to send · shift+enter for
│ newline · ? for help)
│
│
│
────────────────────────────────────────────────────────────────────────────────────────────────────
 ⣾  connecting…                                                              ctx 0 · ↑0 ↓0 cache 0%
? help · / commands · ctrl+c quit