 mecatui  ·  session #b9ba2286  ·  mock-model  ·  mode default  ·  127.0.0.1:8080
────────────────────────────────────────────────────────────────────────────────────────────────────




┏━━━━━━━━━━━━━━━━━━━━━━━━━━━━━━━━━━━━━━━━━━━━━━━━━━━━━━━━━━━━━━━━━━━━━━━━━━━━━━━━━━━━━━━━━━━━━━━━━━━━━━━━━━━━━━━━━━┓
┃                                                                                                                  ┃
┃  Skills inventory                                                                                                ┃
┃                                                                                                                  ┃
┃  > zzzzz                                                                                                         ┃
┃                                                                                                                  ┃
┃  no skills match "zzzzz" — esc to clear                                                                          ┃
┃                                                                                                                  ┃
┃  skills activate automatically when relevant · type to filter · ↑/↓/pgup/pgdn scroll · esc clear filter / close  ┃
┃                                                                                                                  ┃
┗━━━━━━━━━━━━━━━━━━━━━━━━━━━━━━━━━━━━━━━━━━━━━━━━━━━━━━━━━━━━━━━━━━━━━━━━━━━━━━━━━━━━━━━━━━━━━━━━━━━━━━━━━━━━━━━━━━┛






│
│ Ask mecatl to do something…  (enter to send · shift+enter for newline · ? for help)
│
│
────────────────────────────────────────────────────────────────────────────────────────────────────
 connected                                                                   ctx 0 · ↑0 ↓0 cache 0%
? help · / commands · ctrl+c quit