 mecatui  ·  session sess-test-00  ·  mock-model  ·  mode default  ·  127.0.0.1:8080
────────────────────────────────────────────────────────────────────────────────────────────────────
          ┏━━━━━━━━━━━━━━━━━━━━━━━━━━━━━━━━━━━━━━━━━━━━━━━━━━━━━━━━━━━━━━━━━━━━━━━━━━━━━━┓
          ┃                                                                              ┃
          ┃  Skills inventory                                                            ┃
          ┃                                                                              ┃
          ┃  skill-01                                                                    ┃
          ┃  skill-02                                                                    ┃
          ┃  skill-03                                                                    ┃
          ┃  skill-04                                                                    ┃
          ┃  skill-05                                                                    ┃
          ┃  skill-06                                                                    ┃
          ┃  skill-07                                                                    ┃
          ┃  skill-08                                                                    ┃
          ┃  skill-09                                                                    ┃
          ┃  skill-10                                                                    ┃
          ┃  skill-11                                                                    ┃
          ┃  skill-12                                                                    ┃
          ┃  skill-13                                                                    ┃
          ┃  skill-14                                                                    ┃
          ┃  lines 2–15 of 30                                                            ┃
          ┃                                                                              ┃
          ┃  skills activate automatically when relevant · pgup/pgdn scroll · esc close  ┃
          ┃                                                                              ┃
          ┗━━━━━━━━━━━━━━━━━━━━━━━━━━━━━━━━━━━━━━━━━━━━━━━━━━━━━━━━━━━━━━━━━━━━━━━━━━━━━━┛

│
│ Ask mecatl to do something…  (enter to send · shift+enter for newline · ? for help)
│
│
────────────────────────────────────────────────────────────────────────────────────────────────────
 connected                                                                   ctx 0 · ↑0 ↓0 cache 0%
? help · / commands · ctrl+c quit