 session sess-test-00
────────────────────────────────────────────────────────────────────────────────────────────────────
┏━━━━━━━━━━━━━━━━━━━━━━━━━━━━━━━━━━━━━━━━━━━━━━━━━━━━━━━━━━━━━━━━━━━━━━━━━━━━━━━━━━━━━━━━━━━━━━━━━━┓
┃                                                                                                  ┃
┃  Skills inventory                                                                                ┃
┃  > zzzzz                                                                                         ┃
┃  no skills match "zzzzz" — esc to clear                                                          ┃
┃                                                                                                  ┃
┃                                                                                                  ┃
┃                                                                                                  ┃
┃                                                                                                  ┃
┃                                                                                                  ┃
┃                                                                                                  ┃
┃                                                                                                  ┃
┃                                                                                                  ┃
┃                                                                                                  ┃
┃                                                                                                  ┃
┃                                                                                                  ┃
┃  the agent uses skills when relevant · tab changes region · pgup/pgdn scroll · esc clear filter  ┃
┃   / close                                                                                        ┃
┃                                                                                                  ┃
┗━━━━━━━━━━━━━━━━━━━━━━━━━━━━━━━━━━━━━━━━━━━━━━━━━━━━━━━━━━━━━━━━━━━━━━━━━━━━━━━━━━━━━━━━━━━━━━━━━━┛

│
│ Ask mecatl to do something…  (enter to send · shift+enter for newline · ? for help)
│
│
────────────────────────────────────────────────────────────────────────────────────────────────────
 connected
? help · / commands · ctrl+c quit