 session sess-test-00
────────────────────────────────────────────────────────────────────────────────────────────────────





┏━━━━━━━━━━━━━━━━━━━━━━━━━━━━━━━━━━━━━━━━━━━━━━━━━━━━━━━━━━━━━━━━━━━━━━━━━━━━━━━━━━━━━━━━━━━━━━━━━━┓
┃                                                                                                  ┃
┃  Soul (persona)                                                                                  ┃
┃                                                                                                  ┃
┃  No soul (persona) is enabled on this server.                                                    ┃
┃  Create ~/.config/mecatl/soul.md (or pass --soul-file) and reconnect.                            ┃
┃                                                                                                  ┃
┃  read-only persona · pgup/pgdn scroll · esc close                                                ┃
┃                                                                                                  ┃
┗━━━━━━━━━━━━━━━━━━━━━━━━━━━━━━━━━━━━━━━━━━━━━━━━━━━━━━━━━━━━━━━━━━━━━━━━━━━━━━━━━━━━━━━━━━━━━━━━━━┛






│
│ Ask mecatl to do something…  (enter to send · shift+enter for newline · ? for help)
│
│
────────────────────────────────────────────────────────────────────────────────────────────────────
 connected
? help · / commands · ctrl+c quit