 mecatui  ·  session sess-test-00  ·  mock-model  ·  mode default  ·  127.0.0.1:8080
────────────────────────────────────────────────────────────────────────────────────────────────────




┏━━━━━━━━━━━━━━━━━━━━━━━━━━━━━━━━━━━━━━━━━━━━━━━━━━━━━━━━━━━━━━━━━━━━━━━━━━━━━━━━━━━━━━━━━━━━━━━━━━━━━━━━━━━━━━━━━━━━━━━━━━━┓
┃                                                                                                                           ┃
┃  Soul (persona)                                                                                                           ┃
┃                                                                                                                           ┃
┃  user · 40 bytes · sha:abc123def456                                                                                       ┃
┃                                                                                                                           ┃
┃  You are terse and direct.                                                                                                ┃
┃  You prefer Go.                                                                                                           ┃
┃                                                                                                                           ┃
┃  you control this soul · edit its source file to change it; the agent can suggest wording · pgup/pgdn scroll · esc close  ┃
┃                                                                                                                           ┃
┗━━━━━━━━━━━━━━━━━━━━━━━━━━━━━━━━━━━━━━━━━━━━━━━━━━━━━━━━━━━━━━━━━━━━━━━━━━━━━━━━━━━━━━━━━━━━━━━━━━━━━━━━━━━━━━━━━━━━━━━━━━━┛





│
│ Ask mecatl to do something…  (enter to send · shift+enter for newline · ? for help)
│
│
────────────────────────────────────────────────────────────────────────────────────────────────────
 connected                                                                   ctx 0 · ↑0 ↓0 cache 0%
? help · / commands · ctrl+c quit