 mecatui  ·  session sess-test-00  ·  mode default
────────────────────────────────────────────────────────────────────────────────────────────────────
 ▌ you
 │ first












┏━━━━━━━━━━━━━━━━━━━━━━━━━━━━━━━━━━━━━━━━━┓
┃                                         ┃
┃  ⏳ steer queued · ↑ edit · esc cancel  ┃
┃    also check b.go                      ┃
┃                                         ┃
┗━━━━━━━━━━━━━━━━━━━━━━━━━━━━━━━━━━━━━━━━━┛

│
│ Ask mecatl to do something…  (enter to send · shift+enter for newline · ? for help)
│
│
────────────────────────────────────────────────────────────────────────────────────────────────────
 ⣾  thinking…                                                                ctx 0 · ↑0 ↓0 cache 0%
enter queue · ctrl+u clear · esc cancel · ? help · / commands · ctrl+g select all · ctrl+shift+c copy · ctrl+c quit