 mecatui  ·  session sess-test-00  ·  mock-model  ·  mode default  ·  127.0.0.1:8080
────────────────────────────────────────────────────────────────────────────────────────────────────


  ┏━━━━━━━━━━━━━━━━━━━━━━━━━━━━━━━━━━━━━━━━━━━━━━━━━━━━━━━━━━━━━━━━━━━━━━━━━━━━━━━━━━━━━━━━━━━━━━┓
  ┃                                                                                              ┃
  ┃  ▸ Subagents    Parallel    Teams                                                            ┃
  ┃                                                                                              ┃
  ┃  subagent · audit auth flow                                                                  ┃
  ┃  ◐ audit auth flow #r-a3f1 · Grep… · 7 tools · ↑0 ↓0                                         ┃
  ┃    bounded previews — child content is clamped + scrubbed, never in the parent               ┃
  ┃      conversation                                                                            ┃
  ┃                                                                                              ┃
  ┃    ✓ Grep                                                                                    ┃
  ┃    ✓ Grep — pattern: auth                                                                    ┃
  ┃    checking the login flow                                                                   ┃
  ┃                                                                                              ┃
  ┃  x cancel · esc back                                                                         ┃
  ┃                                                                                              ┃
  ┗━━━━━━━━━━━━━━━━━━━━━━━━━━━━━━━━━━━━━━━━━━━━━━━━━━━━━━━━━━━━━━━━━━━━━━━━━━━━━━━━━━━━━━━━━━━━━━┛



│
│ Ask mecatl to do something…  (enter to send · shift+enter for newline · ? for help)
│
│
────────────────────────────────────────────────────────────────────────────────────────────────────
 connected                                       ⛭ subagents 3◐ 2✓ · ctrl+a  ctx 0 · ↑0 ↓0 cache 0%
? help · / commands · ctrl+c quit