 mecatui  ·  session sess-test-00  ·  mock-model  ·  mode default  ·  127.0.0.1:8080
────────────────────────────────────────────────────────────────────────────────────────────────────




  ┏━━━━━━━━━━━━━━━━━━━━━━━━━━━━━━━━━━━━━━━━━━━━━━━━━━━━━━━━━━━━━━━━━━━━━━━━━━━━━━━━━━━━━━━━━━━━━━┓
  ┃                                                                                              ┃
  ┃    Subagents    Parallel  ▸ Teams                                                            ┃
  ┃                                                                                              ┃
  ┃  agents · 2 members                                                                          ┃
  ┃                                                                                              ┃
  ┃  ▶ ◆ ✎ lead  [lead] · Edit… · ↑0 ↓0 · coordinator                                            ┃
  ┃    ○ · scout · idle · ↑1.2K ↓80 · researcher                                                 ┃
  ┃                                                                                              ┃
  ┃  ↑/↓ select · enter focus · x cancel · t tasks · f findings · tab switch · esc close         ┃
  ┃                                                                                              ┃
  ┗━━━━━━━━━━━━━━━━━━━━━━━━━━━━━━━━━━━━━━━━━━━━━━━━━━━━━━━━━━━━━━━━━━━━━━━━━━━━━━━━━━━━━━━━━━━━━━┛





│
│ Ask mecatl to do something…  (enter to send · shift+enter for newline · ? for help)
│
│
────────────────────────────────────────────────────────────────────────────────────────────────────
 connected                                               ⟳ 1/2 working · f6  ctx 0 · ↑0 ↓0 cache 0%
? help · / commands · ctrl+c quit