 mecatui  ·  session sess-test-00  ·  mock-model  ·  mode default  ·  127.0.0.1:8080
────────────────────────────────────────────────────────────────────────────────────────────────────
  ┏━━━━━━━━━━━━━━━━━━━━━━━━━━━━━━━━━━━━━━━━━━━━━━━━━━━━━━━━━━━━━━━━━━━━━━━━━━━━━━━━━━━━━━━━━━━━━━┓
  ┃                                                                                              ┃
  ┃    Subagents    Parallel  ▸ Teams                                                            ┃
  ┃                                                                                              ┃
  ┃  agents · 20 members                                                                         ┃
  ┃                                                                                              ┃
  ┃    · +7 above                                                                                ┃
  ┃    ◆ · member-g · working… · ↑0 ↓0 · worker                                                  ┃
  ┃  ▶ ◆ · member-h · working… · ↑0 ↓0 · worker                                                  ┃
  ┃    ◆ · member-i · working… · ↑0 ↓0 · worker                                                  ┃
  ┃    · +10 below                                                                               ┃
  ┃                                                                                              ┃
  ┃  ↑/↓ select · enter focus · x cancel · t tasks · f findings · tab switch · esc close         ┃
  ┃                                                                                              ┃
  ┗━━━━━━━━━━━━━━━━━━━━━━━━━━━━━━━━━━━━━━━━━━━━━━━━━━━━━━━━━━━━━━━━━━━━━━━━━━━━━━━━━━━━━━━━━━━━━━┛

│
│ Ask mecatl to do something…  (enter to send · shift+enter for newline · ? for help)
│
│
────────────────────────────────────────────────────────────────────────────────────────────────────
 connected                                             ⟳ 20/20 working · f6  ctx 0 · ↑0 ↓0 cache 0%
? help · / commands · ctrl+c quit