 session sess-test-00
────────────────────────────────────────────────────────────────────────────────────────────────────



  ┏━━━━━━━━━━━━━━━━━━━━━━━━━━━━━━━━━━━━━━━━━━━━━━━━━━━━━━━━━━━━━━━━━━━━━━━━━━━━━━━━━━━━━━━━━━━━━━┓
  ┃                                                                                              ┃
  ┃    Subagents    Parallel  ▸ Teams                                                            ┃
  ┃                                                                                              ┃
  ┃  findings                                                                                    ┃
  ┃  2 finding(s) from 2 member(s)                                                               ┃
  ┃                                                                                              ┃
  ┃    scout · the cache key omits the tenant id                                                 ┃
  ┃    lead · fix applied; tests green                                                           ┃
  ┃                                                                                              ┃
  ┃  f roster · esc close · ↑/↓ scroll · pgup/pgdn · home/end                                    ┃
  ┃                                                                                              ┃
  ┗━━━━━━━━━━━━━━━━━━━━━━━━━━━━━━━━━━━━━━━━━━━━━━━━━━━━━━━━━━━━━━━━━━━━━━━━━━━━━━━━━━━━━━━━━━━━━━┛





│
│ Ask mecatl to do something…  (enter to send · shift+enter for newline · ? for help)
│
│
────────────────────────────────────────────────────────────────────────────────────────────────────
 connected
? help · / commands · ctrl+c quit