 session sess-test-00
────────────────────────────────────────────────────────────────────────────────────────────────────
  ┏━━━━━━━━━━━━━━━━━━━━━━━━━━━━━━━━━━━━━━━━━━━━━━━━━━━━━━━━━━━━━━━━━━━━━━━━━━━━━━━━━━━━━━━━━━━━━━┓
  ┃                                                                                              ┃
  ┃    Subagents    Parallel  ▸ Teams                                                            ┃
  ┃                                                                                              ┃
  ┃  agents · 20 members                                                                         ┃
  ┃                                                                                              ┃
  ┃    · +6 rows above                                                                           ┃
  ┃      ↑0 ↓0                                                                                   ┃
  ┃    ◆ · member-g                                                                              ┃
  ┃      working… · worker                                                                       ┃
  ┃      ↑0 ↓0                                                                                   ┃
  ┃  ▶ ◆ · member-h                                                                              ┃
  ┃      working… · worker                                                                       ┃
  ┃      ↑0 ↓0                                                                                   ┃
  ┃    · +11 rows below                                                                          ┃
  ┃                                                                                              ┃
  ┃  ↑/↓ select · enter focus · x cancel · t tasks · f findings · tab switch · esc close         ┃
  ┃                                                                                              ┃
  ┗━━━━━━━━━━━━━━━━━━━━━━━━━━━━━━━━━━━━━━━━━━━━━━━━━━━━━━━━━━━━━━━━━━━━━━━━━━━━━━━━━━━━━━━━━━━━━━┛


│
│ Ask mecatl to do something…  (enter to send · shift+enter for newline · ? for help)
│
│
────────────────────────────────────────────────────────────────────────────────────────────────────
 connected
? help · / commands · ctrl+c quit