 mecatui · Golden session · fixture/fixture-model/default · mode default
────────────────────────────────────────────────────────────────────────────────────────────────────

  ┏━━━━━━━━━━━━━━━━━━━━━━━━━━━━━━━━━━━━━━━━━━━━━━━━━━━━━━━━━━━━━━━━━━━━━━━━━━━━━━━━━━━━━━━━━━━━━━┓
  ┃                                                                                              ┃
  ┃    Subagents    Parallel  ▸ Teams                                                            ┃
  ┃                                                                                              ┃
  ┃  agent · scout                                                                               ┃
  ┃  ◆ · scout [lead] · Read… · ↑0 ↓0                                                            ┃
  ┃                                                                                              ┃
  ┃    investigating the whole subsystem                                                         ┃
  ┃    ✓ Read · success — 100 lines                                                              ┃
  ┃    … Read · pending — file-01.go                                                             ┃
  ┃    … Read · pending — file-02.go                                                             ┃
  ┃    … Read · pending — file-03.go                                                             ┃
  ┃    … Read · pending — file-04.go                                                             ┃
  ┃    … Read · pending — file-05.go                                                             ┃
  ┃                                                                                              ┃
  ┃  lines 1–7 of 129 · esc back · ↑/↓ scroll · pgup/pgdn · home/end                             ┃
  ┃                                                                                              ┃
  ┗━━━━━━━━━━━━━━━━━━━━━━━━━━━━━━━━━━━━━━━━━━━━━━━━━━━━━━━━━━━━━━━━━━━━━━━━━━━━━━━━━━━━━━━━━━━━━━┛


│
│ Ask mecatl to do something…  (enter to send · shift+enter for newline · ? for help)
│
│
────────────────────────────────────────────────────────────────────────────────────────────────────
 connected                         ⟳ team- · 1/1 working  ctx ▒▒▒▒░░░░ 50% · 2K/4K · ↑0 ↓0 cache 0%
? help · / commands · ctrl+c quit