 mecatui  ·  session sess-test-00  ·  mock-model  ·  mode default  ·  127.0.0.1:8080
────────────────────────────────────────────────────────────────────────────────────────────────────


  ┏━━━━━━━━━━━━━━━━━━━━━━━━━━━━━━━━━━━━━━━━━━━━━━━━━━━━━━━━━━━━━━━━━━━━━━━━━━━━━━━━━━━━━━━━━━━━━━┓
  ┃                                                                                              ┃
  ┃    Subagents    Parallel  ▸ Teams                                                            ┃
  ┃                                                                                              ┃
  ┃  agents · 2 members                                                                          ┃
  ┃  4 rounds · ↑5.2K ↓410 · stop:done · 1 stopped                                               ┃
  ┃                                                                                              ┃
  ┃  ▶ ✓ ✎ lead  [lead]                                                                          ┃
  ┃      done · ↑0 ↓0 · coordinator                                                              ┃
  ┃    ✗ · scout                                                                                 ┃
  ┃      stopped — budget · ↑0 ↓0 · researcher                                                   ┃
  ┃                                                                                              ┃
  ┃  ↑/↓ select · enter focus · x cancel · t tasks · f findings · tab switch · esc close         ┃
  ┃                                                                                              ┃
  ┗━━━━━━━━━━━━━━━━━━━━━━━━━━━━━━━━━━━━━━━━━━━━━━━━━━━━━━━━━━━━━━━━━━━━━━━━━━━━━━━━━━━━━━━━━━━━━━┛




│
│ Ask mecatl to do something…  (enter to send · shift+enter for newline · ? for help)
│
│
────────────────────────────────────────────────────────────────────────────────────────────────────
 connected                                                                   ctx 0 · ↑0 ↓0 cache 0%
? help · / commands · ctrl+c quit