 session sess-test-00
────────────────────────────────────────────────────────────────────────────────────────────────────



  ┏━━━━━━━━━━━━━━━━━━━━━━━━━━━━━━━━━━━━━━━━━━━━━━━━━━━━━━━━━━━━━━━━━━━━━━━━━━━━━━━━━━━━━━━━━━━━━━┓
  ┃                                                                                              ┃
  ┃    Subagents    Parallel  ▸ Teams                                                            ┃
  ┃                                                                                              ┃
  ┃  agent · scout                                                                               ┃
  ┃  ◆ · scout · Grep… · ↑1.2K ↓80                                                               ┃
  ┃                                                                                              ┃
  ┃    searching for the failing path                                                            ┃
  ┃    ✓ Grep — 3 matches in dispatch.go                                                         ┃
  ┃                                                                                              ┃
  ┃  esc back · ↑/↓ scroll · pgup/pgdn · home/end                                                ┃
  ┃                                                                                              ┃
  ┗━━━━━━━━━━━━━━━━━━━━━━━━━━━━━━━━━━━━━━━━━━━━━━━━━━━━━━━━━━━━━━━━━━━━━━━━━━━━━━━━━━━━━━━━━━━━━━┛





│
│ Ask mecatl to do something…  (enter to send · shift+enter for newline · ? for help)
│
│
────────────────────────────────────────────────────────────────────────────────────────────────────
 connected
? help · / commands · ctrl+c quit