 mecatui · Golden session · fixture/fixture-model/default · mode default
────────────────────────────────────────────────────────────────────────────────────────────────────



  ┏━━━━━━━━━━━━━━━━━━━━━━━━━━━━━━━━━━━━━━━━━━━━━━━━━━━━━━━━━━━━━━━━━━━━━━━━━━━━━━━━━━━━━━━━━━━━━━┓
  ┃                                                                                              ┃
  ┃    Subagents    Parallel  ▸ Teams                                                            ┃
  ┃                                                                                              ┃
  ┃  agent · scout                                                                               ┃
  ┃  ◆ · scout · Grep… · ↑1.2K ↓80                                                               ┃
  ┃                                                                                              ┃
  ┃    searching for the failing path                                                            ┃
  ┃    ✓ Grep — 3 matches in dispatch.go                                                         ┃
  ┃                                                                                              ┃
  ┃  esc back · ↑/↓ scroll · pgup/pgdn · home/end                                                ┃
  ┃                                                                                              ┃
  ┗━━━━━━━━━━━━━━━━━━━━━━━━━━━━━━━━━━━━━━━━━━━━━━━━━━━━━━━━━━━━━━━━━━━━━━━━━━━━━━━━━━━━━━━━━━━━━━┛





│
│ Ask mecatl to do something…  (enter to send · shift+enter for newline · ? for help)
│
│
────────────────────────────────────────────────────────────────────────────────────────────────────
 connected                         ⟳ team- · 4/4 working  ctx ▒▒▒▒░░░░ 50% · 2K/4K · ↑0 ↓0 cache 0%
? help · / commands · ctrl+c quit