 mecatui · Golden session · fixture/fixture-model/default · mode default
────────────────────────────────────────────────────────────────────────────────────────────────────

  ┏━━━━━━━━━━━━━━━━━━━━━━━━━━━━━━━━━━━━━━━━━━━━━━━━━━━━━━━━━━━━━━━━━━━━━━━━━━━━━━━━━━━━━━━━━━━━━━┓
  ┃                                                                                              ┃
  ┃    Subagents    Parallel  ▸ Teams                                                            ┃
  ┃                                                                                              ┃
  ┃  agent · scout                                                                               ┃
  ┃  ◆ · scout [lead] · Read… · ↑0 ↓0                                                            ┃
  ┃                                                                                              ┃
  ┃    … Read · pending — file-06.go                                                             ┃
  ┃    ? unattributed result… · unattributed result — 106 lines                                  ┃
  ┃    … Read · pending — file-07.go                                                             ┃
  ┃    ? unattributed result… · unattributed result — 107 lines                                  ┃
  ┃    … Read · pending — file-08.go                                                             ┃
  ┃    ? unattributed result… · unattributed result — 108 lines                                  ┃
  ┃    … Read · pending — file-09.go                                                             ┃
  ┃                                                                                              ┃
  ┃  lines 1–7 of 12 · esc back · ↑/↓ scroll · pgup/pgdn · home/end                              ┃
  ┃                                                                                              ┃
  ┗━━━━━━━━━━━━━━━━━━━━━━━━━━━━━━━━━━━━━━━━━━━━━━━━━━━━━━━━━━━━━━━━━━━━━━━━━━━━━━━━━━━━━━━━━━━━━━┛


│
│ Ask mecatl to do something…  (enter to send · shift+enter for newline · ? for help)
│
│
────────────────────────────────────────────────────────────────────────────────────────────────────
 connected                         ⟳ team- · 1/1 working  ctx ▒▒▒▒░░░░ 50% · 2K/4K · ↑0 ↓0 cache 0%
? help · / commands · ctrl+c quit