 session sess-test-00
────────────────────────────────────────────────────────────────────────────────────────────────────

  ┏━━━━━━━━━━━━━━━━━━━━━━━━━━━━━━━━━━━━━━━━━━━━━━━━━━━━━━━━━━━━━━━━━━━━━━━━━━━━━━━━━━━━━━━━━━━━━━┓
  ┃                                                                                              ┃
  ┃    Subagents    Parallel  ▸ Teams                                                            ┃
  ┃                                                                                              ┃
  ┃  agent · scout                                                                               ┃
  ┃  ◆ · scout [lead] · Read… · ↑0 ↓0                                                            ┃
  ┃                                                                                              ┃
  ┃    ✓ Read — 100 lines                                                                        ┃
  ┃    ✓ Read — 101 lines                                                                        ┃
  ┃    ✓ Read — 102 lines                                                                        ┃
  ┃    ✓ Read — 103 lines                                                                        ┃
  ┃    ✓ Read — 104 lines                                                                        ┃
  ┃    ✓ Read — 105 lines                                                                        ┃
  ┃    ✓ Read — 106 lines                                                                        ┃
  ┃                                                                                              ┃
  ┃  lines 1–7 of 12 · esc back · ↑/↓ scroll · pgup/pgdn · home/end                              ┃
  ┃                                                                                              ┃
  ┗━━━━━━━━━━━━━━━━━━━━━━━━━━━━━━━━━━━━━━━━━━━━━━━━━━━━━━━━━━━━━━━━━━━━━━━━━━━━━━━━━━━━━━━━━━━━━━┛


│
│ Ask mecatl to do something…  (enter to send · shift+enter for newline · ? for help)
│
│
────────────────────────────────────────────────────────────────────────────────────────────────────
 connected
? help · / commands · ctrl+c quit