╭─────────────────────────────────────────────────────────────────────────────────────────────────╮
│ … GitHub · Issue write                                                                          │
│ mcp__github__issue_write                                                                        │
│ {                                                                                               │
│   "body": "## Context\nthis is line content padding to grow the body well past four kilobytes\n │
│ this is line content padding to grow the body well past four kilobytes\nthis is line content pa │
│ dding to grow the body well past four kilobytes\nthis is line content padding to grow the body  │
│ well past four kilobytes\nthis is line content padding to grow the body well past four kilobyte │
│ s\nthis is line content padding to grow the body well past four kilobytes\nthis is line content │
│  padding to grow the body well past four kilobytes\nthis is line content padding to grow the bo │
│ dy well past four kilobytes\nthis is line content padding to grow the body well past four kilob │
│ ytes\nthis is line content padding to grow the body well past four kilobytes\nthis is line cont │
│ ent padding to grow the body well past four kilobytes\nthis is line content padding to grow the │
│  body well past four kilobytes\nthis is line content padding to grow the body well past four ki │
│ lobytes\nthis is line content padding to grow the body well past four kilobytes\nthis is line c │
│ ontent padding to grow the body well past four kilobytes\nthis is line content padding to grow  │
│ the body well past four kilobytes\nthis is line content padding to grow the body well past four │
│  kilobytes\nthis is line content padding to grow the body well past four kilobytes\nthis is lin │
│ e content padding to grow the body well past four kilobytes\nthis is line content padding to gr │
│ ow the body well past four kilobytes\nthis is line content padding to grow the body well past f │
│ our kilobytes\nthis is line content padding to grow the body well past four kilobytes\nthis is  │
│ line content padding to grow the body well past four kilobytes\nthis is line content padding to │
│  grow the body well past four kilobytes\nthis is line content padding to grow the body well pas │
│ t four kilobytes\nthis is line content padding to grow the body well past four kilobytes\nthis  │
│ is line content padding to grow the body well past four kilobytes\nthis is line content padding │
│  to grow the body well past four kilobytes\nthis is line content padding to grow the body well  │
│ past four kilobytes\nthis is line content padding to grow the body well past four kilobytes\nth │
│ is is line content padding to grow the body well past four kilobytes\nthis is line content padd │
│ ing to grow the body well past four kilobytes\nthis is line content padding to grow the body we │
│ ll past four kilobytes\nthis is line content padding to grow the body well past four kilobytes\ │
│ nthis is line content padding to grow the body well past four kilobytes\nthis is line content p │
│ adding to grow the body well past four kilobytes\nthis is line content padding to grow the body │
│  well past four kilobytes\nthis is line content padding to grow the body well past four kilobyt │
│ es\nthis is line content padding to grow the body well past four kilobytes\nthis is line conten │
│ t padding to grow the body well past four kilobytes\nthis is line content padding to grow the b │
│ ody well past four kilobytes\nthis is line content padding to grow the body well past four kilo │
│ bytes\nthis is line content padding to grow the body well past four kilobytes\nthis is line con │
│ tent padding to grow the body well past four kilobytes\nthis is line content padding to grow th │
│ e body well past four kilobytes\nthis is line content padding to grow the body well past four k │
│ ilobytes\nthis is line content padding to grow the body well past four kilobytes\nthis is line  │
│ content padding to grow the body well past four kilobytes\nthis is line content padding to grow │
│  the body well past four kilobytes\nthis is line content padding to grow the body well past fou │
│ r kilobytes\nthis is line content padding to grow the body well past four kilobytes\nthis is li │
│ ne content padding to grow the body well past four kilobytes\nthis is line content padding to g │
│ row the body well past four kilobytes\nthis is line content padding to grow the body well past  │
│ four kilobytes\nthis is line content padding to grow the body well past four kilobytes\nthis is │
│  line content padding to grow the body well past four kilobytes\nthis is line content padding t │
│ o grow the body well past four kilobytes\nthis is line content padding to grow the body well pa │
│ st four kilobytes\nthis is line content padding to grow the body well past four kilobytes\nthis │
│  is line content padding to grow the body well past four kilobytes\nthis is line content paddin │
│ g to grow the body well past four kilobytes\nthis is line content padding to grow the body well │
│  past four kilobytes\nthis is line content padding to grow the body well past four kilobytes\nt │
│ his is line content padding to grow the body well past four kilobytes\nthis is line content pad │
│ ding to grow the body well past four kilobytes\nthis is line content padding to grow the body w │
│ ell past four kilobytes\nthis is line content padding to grow the body well past four kilobytes │
│ \nthis is line content padding to grow the body well past four kilobytes\nthis is line content  │
│ padding to grow the body well past four kilobytes\nthis is line content padding to grow the bod │
│ y well past four kilobytes\nthis is line content padding to grow the body well past four kiloby │
│ tes",                                                                                           │
│   "labels": [                                                                                   │
│     "enhancement"                                                                               │
│   ],                                                                                            │
│   "method": "create",                                                                           │
│   "owner": "stacklok",                                                                          │
│   "repo": "mecatl",                                                                             │
│   "title": "compact tool cards"                                                                 │
│ }                                                                                               │
╰─────────────────────────────────────────────────────────────────────────────────────────────────╯