╭─────────────────────────────────────────────────────────────────────────────────────────────────╮
│ … GitHub · Issue write                                                                          │
│ owner: "stacklok"                                                                               │
│ repo: "mecatl"                                                                                  │
│ method: "create"                                                                                │
│ title: "compact tool cards"                                                                     │
│ body: 5.1 KB / 72 lines · "## Context…"                                                         │
│ labels: [enhancement]                                                                           │
│   … ctrl+t expand                                                                               │
╰─────────────────────────────────────────────────────────────────────────────────────────────────╯