 mecatui  ·  session #b9ba2286  ·  mock-model  ·  mode default  ·  127.0.0.1:8080
────────────────────────────────────────────────────────────────────────────────────────────────────





┏━━━━━━━━━━━━━━━━━━━━━━━━━━━━━━━━━━━━━━━━━━━━━━━━━━━━━━━━━━━━━━━━━━━━━━━━━━━━━━━━━━━━━━━━━━━━━━━━━┓
┃                                                                                                 ┃
┃  User model (operator facts)                                                                    ┃
┃                                                                                                 ┃
┃  The user model is not enabled on this server.                                                  ┃
┃  Run a mecated without --no-user-model (and with an XDG/home to resolve the store).             ┃
┃                                                                                                 ┃
┃  ↑/↓ select · enter inspect · the agent curates this · Recall loads a fact's value · esc close  ┃
┃                                                                                                 ┃
┗━━━━━━━━━━━━━━━━━━━━━━━━━━━━━━━━━━━━━━━━━━━━━━━━━━━━━━━━━━━━━━━━━━━━━━━━━━━━━━━━━━━━━━━━━━━━━━━━━┛






│
│ Ask mecatl to do something…  (enter to send · shift+enter for newline · ? for help)
│
│
────────────────────────────────────────────────────────────────────────────────────────────────────
 connected                                                                   ctx 0 · ↑0 ↓0 cache 0%
ctrl+g select all · ctrl+shift+c copy · ? help · / commands · ctrl+c quit